// Jest Snapshot v1, https://goo.gl/fbAQLP

exports[`applet preview renders correctly 1`] = `
<View
  style={
    Object {
      "backgroundColor": "#03C7F5",
      "borderRadius": 10,
      "flexDirection": "column",
      "marginLeft": 10,
      "marginRight": 10,
      "marginTop": 20,
      "minHeight": 200,
    }
  }
>
  <View
    style={
      Object {
        "marginBottom": 25,
        "padding": 20,
      }
    }
  >
    <Text
      accessible={true}
      allowFontScaling={true}
      disabled={false}
      ellipsizeMode="tail"
      style={
        Object {
          "color": "#FFF",
          "fontSize": 16,
          "fontWeight": "700",
          "marginTop": 10,
        }
      }
    >
      Ping me when
    </Text>
    <View
      style={
        Object {
          "backgroundColor": "#FFF",
          "height": 2,
          "marginTop": 7,
          "width": 35,
        }
      }
    />
    <Text
      accessible={true}
      allowFontScaling={true}
      disabled={false}
      ellipsizeMode="tail"
      style={
        Object {
          "color": "#FFF",
          "fontSize": 24,
          "fontWeight": "700",
          "marginTop": 12,
        }
      }
    >
      There's food in the Baraha.
    </Text>
    <Text
      accessible={true}
      allowFontScaling={true}
      disabled={false}
      ellipsizeMode="tail"
      style={
        Object {
          "color": "rgba(255,255,255,0.8)",
          "fontSize": 12,
          "fontWeight": "700",
          "marginTop": 7,
        }
      }
    >
      by 
      NYUAD
    </Text>
  </View>
  <View
    style={
      Object {
        "backgroundColor": "rgba(0,0,0,0.3)",
        "borderBottomLeftRadius": 10,
        "borderBottomRightRadius": 10,
        "bottom": 0,
        "flex": 1,
        "flexDirection": "row",
        "height": 30,
        "justifyContent": "space-between",
        "paddingBottom": 5,
        "paddingLeft": 20,
        "paddingRight": 20,
        "paddingTop": 5,
        "position": "absolute",
        "width": "100%",
      }
    }
  >
    <Text
      accessible={true}
      allowFontScaling={true}
      disabled={false}
      ellipsizeMode="tail"
      style={
        Object {
          "color": "rgba(255,255,255,0.5)",
          "fontWeight": "700",
        }
      }
    >
      On
    </Text>
    <Text
      accessible={true}
      allowFontScaling={true}
      disabled={false}
      ellipsizeMode="tail"
      style={
        Object {
          "color": "rgba(255,255,255,0.5)",
          "fontWeight": "700",
        }
      }
    >
      one minute ago
    </Text>
  </View>
</View>
`;
