// Jest Snapshot v1, https://goo.gl/fbAQLP

exports[`my applets screen renders correctly 1`] = `
<View
  style={
    Object {
      "alignItems": "center",
      "backgroundColor": "#fff",
      "flex": 1,
      "flexDirection": "column",
      "justifyContent": "center",
    }
  }
>
  <Header
    centerComponent={
      Object {
        "style": Object {
          "color": "#4D4C4C",
          "fontSize": 20,
          "fontWeight": "700",
        },
        "text": "My Applets",
      }
    }
    leftComponent={
      Object {
        "color": "#4D4C4C",
        "icon": "settings",
      }
    }
    outerContainerStyles={
      Object {
        "backgroundColor": "#fff",
      }
    }
    rightComponent={
      Object {
        "color": "#4D4C4C",
        "icon": "add",
      }
    }
  />
  <AppletsFeed />
</View>
`;
